ASxxxx Linker V03.00 + NoICE + sdld,  page 1.
Hexadecimal  [32-Bits]

Area                                    Addr        Size        Decimal Bytes (Attributes)
--------------------------------        ----        ----        ------- ----- ------------
.  .ABS.                            00000000    00000000 =           0. bytes (ABS,CON)

      Value  Global                              Global Defined In Module
      -----  --------------------------------   ------------------------
     00000000  .__.ABS.                           cpct_keyboard
     00000000  l__DATA                         
     00000335  l__CODE                         
     00004000  s__CODE                         
     00004335  s__DATA                         

ASxxxx Linker V03.00 + NoICE + sdld,  page 2.
Hexadecimal  [32-Bits]

Area                                    Addr        Size        Decimal Bytes (Attributes)
--------------------------------        ----        ----        ------- ----- ------------
_CODE                               00004000    00000335 =         821. bytes (REL,CON)

      Value  Global                              Global Defined In Module
      -----  --------------------------------   ------------------------
     00004000  _cpct_keyboardStatusBuffer         cpct_keyboard
     0000400C  tunes_table                        cpct_keyboard
     00004026  _main                              cpct_keyboard
     00004030  musicHandler                       cpct_keyboard
     00004097  song_1                             cpct_keyboard
     000040EC  song_2                             cpct_keyboard
     00004172  play_frame                         cpct_keyboard
     00004243  play_frame_tune                    cpct_keyboard
     00004253  play_note                          cpct_keyboard
     00004278  play_note_channel                  cpct_keyboard
     00004299  get_fine_pitch                     cpct_keyboard
     000042AC  get_tune                           cpct_keyboard
     000042BA  _cpct_setInterruptHandler          cpct_firmware
     000042BA  cpct_setInterruptHandler_asm       cpct_firmware
     000042CB  cpct_safeInterruptHandlerHook      cpct_firmware
     000042E2  _cpct_isKeyPressed                 cpct_keyboard
     000042E2  cpct_isKeyPressed_asm              cpct_keyboard
     000042EE  _cpct_isAnyKeyPressed              cpct_keyboard
     000042EE  cpct_isAnyKeyPressed_asm           cpct_keyboard
     000042FB  _cpct_waitVSYNC                    cpct_video
     000042FB  cpct_waitVSYNC_asm                 cpct_video
     00004303  _cpct_mode_rom_status              cpct_firmware
     00004304  _cpct_scanKeyboard                 cpct_keyboard
     00004304  cpct_scanKeyboard_asm              cpct_keyboard
ASxxxx Linker V03.00 + NoICE + sdld,  page 3.

Files Linked                              [ module(s) ]

obj/main.rel                              [ cpct_keyboard ]


Libraries Linked                          [ object file ]

/home/markets/git/cpctelera/cpctelera/cpctelera.lib
                                          [ cpct_setInterruptHandler.rel ]
/home/markets/git/cpctelera/cpctelera/cpctelera.lib
                                          [ cpct_isKeyPressed.rel ]
/home/markets/git/cpctelera/cpctelera/cpctelera.lib
                                          [ cpct_isAnyKeyPressed.rel ]
/home/markets/git/cpctelera/cpctelera/cpctelera.lib
                                          [ cpct_waitVSYNC.rel ]
/home/markets/git/cpctelera/cpctelera/cpctelera.lib
                                          [ cpc_mode_rom_status.rel ]
/home/markets/git/cpctelera/cpctelera/cpctelera.lib
                                          [ cpct_scanKeyboard.rel ]

ASxxxx Linker V03.00 + NoICE + sdld,  page 4.

User Base Address Definitions

_CODE = 0x4000
_DATA = 0x0000

