ASxxxx Linker V03.00 + NoICE + sdld,  page 1.
Hexadecimal  [32-Bits]

Area                                    Addr        Size        Decimal Bytes (Attributes)
--------------------------------        ----        ----        ------- ----- ------------
.  .ABS.                            00000000    00000000 =           0. bytes (ABS,CON)

      Value  Global                              Global Defined In Module
      -----  --------------------------------   ------------------------
     00000000  .__.ABS.                           cpct_keyboard
     00000000  l__DATA                         
     000003BC  l__CODE                         
     00004000  s__CODE                         
     000043BC  s__DATA                         

ASxxxx Linker V03.00 + NoICE + sdld,  page 2.
Hexadecimal  [32-Bits]

Area                                    Addr        Size        Decimal Bytes (Attributes)
--------------------------------        ----        ----        ------- ----- ------------
_CODE                               00004000    000003BC =         956. bytes (REL,CON)

      Value  Global                              Global Defined In Module
      -----  --------------------------------   ------------------------
     00004000  _cpct_keyboardStatusBuffer         cpct_keyboard
     0000400C  tunes_table                        cpct_keyboard
     000040CE  _main                              cpct_keyboard
     000040D8  musicHandler                       cpct_keyboard
     0000410E  song_1                             cpct_keyboard
     00004163  song_2                             cpct_keyboard
     000041F1  play_frame                         cpct_keyboard
     000042D0  play_frame_tune                    cpct_keyboard
     000042E0  play_note                          cpct_keyboard
     00004305  play_note_channel                  cpct_keyboard
     00004326  get_fine_pitch                     cpct_keyboard
     00004341  _cpct_setInterruptHandler          cpct_firmware
     00004341  cpct_setInterruptHandler_asm       cpct_firmware
     00004352  cpct_safeInterruptHandlerHook      cpct_firmware
     00004369  _cpct_isKeyPressed                 cpct_keyboard
     00004369  cpct_isKeyPressed_asm              cpct_keyboard
     00004375  _cpct_isAnyKeyPressed              cpct_keyboard
     00004375  cpct_isAnyKeyPressed_asm           cpct_keyboard
     00004382  _cpct_waitVSYNC                    cpct_video
     00004382  cpct_waitVSYNC_asm                 cpct_video
     0000438A  _cpct_mode_rom_status              cpct_firmware
     0000438B  _cpct_scanKeyboard                 cpct_keyboard
     0000438B  cpct_scanKeyboard_asm              cpct_keyboard

ASxxxx Linker V03.00 + NoICE + sdld,  page 3.

Files Linked                              [ module(s) ]

obj/main.rel                              [ cpct_keyboard ]


Libraries Linked                          [ object file ]

/home/markets/git/cpctelera/cpctelera/cpctelera.lib
                                          [ cpct_setInterruptHandler.rel ]
/home/markets/git/cpctelera/cpctelera/cpctelera.lib
                                          [ cpct_isKeyPressed.rel ]
/home/markets/git/cpctelera/cpctelera/cpctelera.lib
                                          [ cpct_isAnyKeyPressed.rel ]
/home/markets/git/cpctelera/cpctelera/cpctelera.lib
                                          [ cpct_waitVSYNC.rel ]
/home/markets/git/cpctelera/cpctelera/cpctelera.lib
                                          [ cpc_mode_rom_status.rel ]
/home/markets/git/cpctelera/cpctelera/cpctelera.lib
                                          [ cpct_scanKeyboard.rel ]

ASxxxx Linker V03.00 + NoICE + sdld,  page 4.

User Base Address Definitions

_CODE = 0x4000
_DATA = 0x0000

